// Jest Snapshot v1, https://goo.gl/fbAQLP

exports[`DatePickerLabel renders without crashing 1`] = `
<div
  className="datepickerlabel"
>
  <Label
    className=""
    htmlFor={null}
    text={null}
  />
  <DatePicker
    date={null}
    focused={false}
    handleOnDateChange={[Function]}
    handleOnFocusChange={[Function]}
    identifier={null}
  />
</div>
`;
