// Jest Snapshot v1, https://goo.gl/fbAQLP

exports[`InputLabel renders without crashing 1`] = `
<div
  className="inputlabel"
>
  <Label
    className=""
    htmlFor={null}
    text={null}
  />
  <Input
    handleOnChange={[Function]}
    id={null}
    lineIndex={null}
    name={null}
    reference={[Function]}
  />
</div>
`;
